







    d.fine = 3.0;
    e.fine_member = 4.0;
    fine: f32,
    fine_member: f32,
    let _e1: f32 = fineX_naga_oil_mod_XMZXHGX(1.0);
    let _e20: f32 = d.fine;
    let _e23: f32 = e.fine_member;
    let _e3: f32 = bad_X_naga_oil_mod_XMZXHGX(2.0);
    let _e6: f32 = fineX_naga_oil_mod_XM5WG6YTBNRZQX;
    let _e8: f32 = bad_X_naga_oil_mod_XM5WG6YTBNRZQX;
    let b: f32 = (_e1 + _e3);
    let c: f32 = (_e6 + _e8);
    return ((((2.0 + b) + c) + _e20) + _e23);
    return in;
    return in_1;
    var d: IsFineX_naga_oil_mod_XON2HE5LDORZQX;
    var e: Isbad_X_naga_oil_mod_XON2HE5LDORZQX;
const bad_X_naga_oil_mod_XMNXW443UOMX: f32 = 1.0;
const fineX_naga_oil_mod_XMNXW443UOMX: f32 = 1.0;
fn bad_X_naga_oil_mod_XMZXHGX(in_1: f32) -> f32 {
fn fineX_naga_oil_mod_XMZXHGX(in: f32) -> f32 {
fn main() -> f32 {
struct IsFineX_naga_oil_mod_XON2HE5LDORZQX {
struct Isbad_X_naga_oil_mod_XON2HE5LDORZQX {
var<private> bad_X_naga_oil_mod_XM5WG6YTBNRZQX: f32 = 1.0;
var<private> fineX_naga_oil_mod_XM5WG6YTBNRZQX: f32 = 1.0;
}
}
}
}
}