const my_constantX_naga_oil_mod_XMNXW23LPNYX: f32 = 0.5;

fn main() -> vec4<f32> {
    return vec4<f32>(1.0, 0.5, 0.0, 1.0);
}

