struct FragmentOutput {
    @location(0) out_color: vec4<f32>,
}

const my_constantX_naga_oil_mod_XMNXW23LPNYX: f32 = 0.5;

var<private> out_color: vec4<f32>;

fn main_1() {
    out_color = vec4<f32>(1.0, 0.5, 0.0, 1.0);
    return;
}

@fragment 
fn main() -> FragmentOutput {
    main_1();
    let _e1: vec4<f32> = out_color;
    return FragmentOutput(_e1);
}
